4
6
7
7
6
4
Successfully executed 6 instructions
0 elements
